
======================================================================
REALISTIC 3D GALACTIC CIVILIZATION SIMULATION
======================================================================

Features:
  • 3D galactic positions for all civilizations
  • Active supernova and GRB hazards
  • Adaptive time stepping
  • MUCH tougher survival parameters
  • Full integration of all 9 survival mechanics

⚠️  This is NOT easy mode - expect casualties!

Initializing 3D galaxy...
  Computing equilibrium velocities from potential...
Generating stellar ages and masses...
Placing 20 civilizations in galaxy...
  ✅ 20 civilizations initialized
  📍 Galaxy contains 100000 stars
  🌟 19666 habitable stars found

⚠️  WARNING: This simulation is HARD - expect casualties!


======================================================================
RUNNING REALISTIC 3D SIMULATION FOR 1000.0 MYR
Adaptive timesteps, active astrophysical hazards, tough crises
======================================================================

    ⚠️  Civ0 enters nuclear_age crisis (severity=1.00)
    ⚠️  Civ1 enters nuclear_age crisis (severity=1.00)
    ⚠️  Civ5 enters nuclear_age crisis (severity=1.00)
    ⚠️  Civ11 enters nuclear_age crisis (severity=1.00)
    ⚠️  Civ12 enters nuclear_age crisis (severity=1.00)
    ⚠️  Civ14 enters nuclear_age crisis (severity=1.00)
    ⚠️  Civ16 enters nuclear_age crisis (severity=1.00)
    ⚠️  Civ12 enters climate_collapse crisis (severity=1.00)
    ⚠️  Civ2 enters nuclear_age crisis (severity=1.00)
    ⚠️  Civ2 enters climate_collapse crisis (severity=1.00)
    ⚠️  Civ4 enters nuclear_age crisis (severity=1.00)
    ⚠️  Civ1 enters climate_collapse crisis (severity=0.98)
    ⚠️  Civ19 enters nuclear_age crisis (severity=1.00)
    ⚠️  Civ18 enters nuclear_age crisis (severity=1.00)
    ⚠️  Civ17 enters nuclear_age crisis (severity=0.93)
    ⚠️  Civ7 enters nuclear_age crisis (severity=1.00)
    ⚠️  Civ11 enters climate_collapse crisis (severity=0.98)
    ⚠️  Civ6 enters climate_collapse crisis (severity=1.00)
    ⚠️  Civ16 enters climate_collapse crisis (severity=0.98)
  T=100.0 Myr: 20/20 alive, 14 in crisis, dt=1.00 Myr, SN:0, GRB:0
    ⚠️  Civ15 enters nuclear_age crisis (severity=1.00)
    ⚠️  Civ0 enters climate_collapse crisis (severity=0.98)
    ⚠️  Civ18 enters climate_collapse crisis (severity=0.98)
    ⚠️  Civ6 enters nuclear_age crisis (severity=1.00)
    ⚠️  Civ13 enters nuclear_age crisis (severity=1.00)
    ⚠️  Civ17 enters climate_collapse crisis (severity=0.98)
    ⚠️  Civ3 enters climate_collapse crisis (severity=0.98)
    ⚠️  Civ3 enters nuclear_age crisis (severity=0.88)
    ⚠️  Civ10 enters climate_collapse crisis (severity=0.98)
    ⚠️  Civ7 enters climate_collapse crisis (severity=0.98)
    ⚠️  Civ14 enters climate_collapse crisis (severity=0.98)
    ⚠️  Civ10 enters nuclear_age crisis (severity=0.88)
    ⚠️  Civ11 enters ai_transition crisis (severity=1.00)
    ⚠️  Civ12 enters ai_transition crisis (severity=1.00)
    ⚠️  Civ9 enters climate_collapse crisis (severity=0.98)
    ⚠️  Civ4 enters climate_collapse crisis (severity=0.98)
    ⚠️  Civ5 enters climate_collapse crisis (severity=0.83)
    ⚠️  Civ9 enters nuclear_age crisis (severity=0.88)
    ⚠️  Civ8 enters nuclear_age crisis (severity=0.93)
    ⚠️  Civ16 enters ai_transition crisis (severity=1.00)
  T=200.0 Myr: 20/20 alive, 20 in crisis, dt=1.00 Myr, SN:0, GRB:0
    ⚠️  Civ14 enters ai_transition crisis (severity=1.00)
    ⚠️  Civ1 enters ai_transition crisis (severity=1.00)
    ⚠️  Civ13 enters climate_collapse crisis (severity=0.83)
    ⚠️  Civ8 enters climate_collapse crisis (severity=0.98)
    ⚠️  Civ15 enters climate_collapse crisis (severity=0.98)
    ⚠️  Civ19 enters climate_collapse crisis (severity=0.98)
    ⚠️  Civ15 enters ai_transition crisis (severity=1.00)
    ⚠️  Civ7 enters ai_transition crisis (severity=1.00)
  T=300.0 Myr: 20/20 alive, 20 in crisis, dt=1.00 Myr, SN:0, GRB:0
    ⚠️  Civ0 enters ai_transition crisis (severity=1.00)
    ⚠️  Civ19 enters ai_transition crisis (severity=1.00)
    ⚠️  Civ6 enters ai_transition crisis (severity=1.00)
    ⚠️  Civ9 enters ai_transition crisis (severity=1.00)
    ⚠️  Civ4 enters ai_transition crisis (severity=1.00)
    ⚠️  Civ17 enters biotech_hazard crisis (severity=1.00)
    ⚠️  Civ18 enters ai_transition crisis (severity=1.00)
    ⚠️  Civ5 enters biotech_hazard crisis (severity=1.00)
    ⚠️  Civ5 enters ai_transition crisis (severity=1.00)
    ⚠️  Civ17 enters ai_transition crisis (severity=1.00)
    ✅ Civ0 survives nuclear_age!
    ⚠️  Civ13 enters ai_transition crisis (severity=1.00)
    ✅ Civ16 survives nuclear_age!
    ✅ Civ1 survives nuclear_age!
    ✅ Civ14 survives nuclear_age!
    ⚠️  Civ3 enters biotech_hazard crisis (severity=1.00)
    ✅ Civ11 survives nuclear_age!
    ✅ Civ12 survives nuclear_age!
    ⚠️  Civ6 enters biotech_hazard crisis (severity=1.00)
    ⚠️  Civ11 enters biotech_hazard crisis (severity=1.00)
  T=400.0 Myr: 20/20 alive, 20 in crisis, dt=1.00 Myr, SN:0, GRB:0
    ⚠️  Civ7 enters biotech_hazard crisis (severity=1.00)
    ✅ Civ5 survives nuclear_age!
    ⚠️  Civ2 enters ai_transition crisis (severity=1.00)
    ⚠️  Civ0 enters biotech_hazard crisis (severity=1.00)
    ⚠️  Civ3 enters ai_transition crisis (severity=1.00)
    ⚠️  Civ2 enters biotech_hazard crisis (severity=1.00)
    ⚠️  Civ4 enters biotech_hazard crisis (severity=1.00)
    ✅ Civ2 survives nuclear_age!
    ✅ Civ12 survives climate_collapse!
    ✅ Civ4 survives nuclear_age!
    ✅ Civ19 survives nuclear_age!
    ✅ Civ1 survives climate_collapse!
    ✅ Civ18 survives nuclear_age!
    ⚠️  Civ0 enters resource_depletion crisis (severity=1.00)
    ⚠️  Civ13 enters biotech_hazard crisis (severity=1.00)
    ⚠️  Civ10 enters biotech_hazard crisis (severity=1.00)
    ⚠️  Civ1 enters biotech_hazard crisis (severity=0.93)
    ✅ Civ2 survives climate_collapse!
    ⚠️  Civ9 enters biotech_hazard crisis (severity=1.00)
    ⚠️  Civ11 enters resource_depletion crisis (severity=1.00)
    ✅ Civ17 survives nuclear_age!
    ⚠️  Civ12 enters biotech_hazard crisis (severity=0.92)
    ⚠️  Civ18 enters biotech_hazard crisis (severity=1.00)
    ✅ Civ0 survives climate_collapse!
    ✅ Civ7 survives nuclear_age!
    ⚠️  Civ15 enters biotech_hazard crisis (severity=1.00)
    ⚠️  Civ16 enters biotech_hazard crisis (severity=0.93)
    ✅ Civ16 survives climate_collapse!
    ✅ Civ11 survives climate_collapse!
    ✅ Civ18 survives climate_collapse!
    ✅ Civ15 survives nuclear_age!
    ⚠️  Civ8 enters ai_transition crisis (severity=1.00)
  T=500.0 Myr: 20/20 alive, 20 in crisis, dt=1.00 Myr, SN:0, GRB:0
    ⚠️  Civ4 enters resource_depletion crisis (severity=1.00)
    ✅ Civ6 survives climate_collapse!
    ⚠️  Civ8 enters biotech_hazard crisis (severity=1.00)
    ⚠️  Civ10 enters resource_depletion crisis (severity=1.00)
    ✅ Civ13 survives nuclear_age!
    ⚠️  Civ14 enters biotech_hazard crisis (severity=0.96)
    ✅ Civ3 survives climate_collapse!
    ⚠️  Civ15 enters resource_depletion crisis (severity=1.00)
    ✅ Civ17 survives climate_collapse!
    ✅ Civ6 survives nuclear_age!
    ✅ Civ3 survives nuclear_age!
    ✅ Civ10 survives climate_collapse!
    ⚠️  Civ13 enters resource_depletion crisis (severity=1.00)
    ✅ Civ10 survives nuclear_age!
    ⚠️  Civ1 enters resource_depletion crisis (severity=1.00)
    ⚠️  Civ10 enters ai_transition crisis (severity=0.96)
    ⚠️  Civ16 enters resource_depletion crisis (severity=1.00)
    ⚠️  Civ8 enters resource_depletion crisis (severity=1.00)
    ⚠️  Civ17 enters resource_depletion crisis (severity=1.00)
    ⚠️  Civ3 enters resource_depletion crisis (severity=1.00)
    ✅ Civ9 survives climate_collapse!
    ✅ Civ14 survives climate_collapse!
    ✅ Civ4 survives climate_collapse!
    ✅ Civ9 survives nuclear_age!
    ✅ Civ7 survives climate_collapse!
    ⚠️  Civ19 enters biotech_hazard crisis (severity=1.00)
    ✅ Civ16 survives ai_transition!
  T=600.0 Myr: 20/20 alive, 20 in crisis, dt=1.00 Myr, SN:0, GRB:0
    ⚠️  Civ18 enters resource_depletion crisis (severity=1.00)
    ⚠️  Civ9 enters resource_depletion crisis (severity=1.00)
    ✅ Civ11 survives ai_transition!
    ✅ Civ8 survives nuclear_age!
    ✅ Civ12 survives ai_transition!
    ✅ Civ5 survives climate_collapse!
    ⚠️  Civ11 enters nanotech_grey_goo crisis (severity=1.00)
    ⚠️  Civ5 enters resource_depletion crisis (severity=0.97)
    ⚠️  Civ2 enters resource_depletion crisis (severity=0.97)
    ✅ Civ14 survives ai_transition!
    ⚠️  Civ7 enters resource_depletion crisis (severity=1.00)
    ⚠️  Civ12 enters resource_depletion crisis (severity=0.97)
    ✅ Civ13 survives climate_collapse!
    ⚠️  Civ19 enters resource_depletion crisis (severity=1.00)
    ✅ Civ15 survives climate_collapse!
    ✅ Civ19 survives climate_collapse!
    ✅ Civ1 survives ai_transition!
    ⚠️  Civ16 enters nanotech_grey_goo crisis (severity=1.00)
    ✅ Civ8 survives climate_collapse!
  T=700.0 Myr: 20/20 alive, 20 in crisis, dt=1.00 Myr, SN:0, GRB:0
    ⚠️  Civ18 enters nanotech_grey_goo crisis (severity=1.00)
    ⚠️  Civ14 enters resource_depletion crisis (severity=0.97)
    ✅ Civ15 survives ai_transition!
    ⚠️  Civ6 enters resource_depletion crisis (severity=0.97)
    ✅ Civ0 survives ai_transition!
    ⚠️  Civ2 enters nanotech_grey_goo crisis (severity=1.00)
    ⚠️  Civ17 enters nanotech_grey_goo crisis (severity=1.00)
    ✅ Civ19 survives ai_transition!
    ✅ Civ18 survives ai_transition!
    ⚠️  Civ12 enters nanotech_grey_goo crisis (severity=1.00)
    ⚠️  Civ4 enters nanotech_grey_goo crisis (severity=1.00)
    ✅ Civ9 survives ai_transition!
    ✅ Civ4 survives ai_transition!
    ⚠️  Civ0 enters nanotech_grey_goo crisis (severity=1.00)
    ✅ Civ7 survives ai_transition!
  T=800.0 Myr: 20/20 alive, 20 in crisis, dt=1.00 Myr, SN:0, GRB:0
    ⚠️  Civ1 enters nanotech_grey_goo crisis (severity=1.00)
    ✅ Civ17 survives biotech_hazard!
    ✅ Civ6 survives ai_transition!
    ⚠️  Civ10 enters nanotech_grey_goo crisis (severity=1.00)
    ⚠️  Civ5 enters nanotech_grey_goo crisis (severity=1.00)
    ✅ Civ13 survives ai_transition!
    ⚠️  Civ15 enters nanotech_grey_goo crisis (severity=1.00)
    ⚠️  Civ14 enters nanotech_grey_goo crisis (severity=1.00)
    ⚠️  Civ7 enters nanotech_grey_goo crisis (severity=1.00)
    ✅ Civ0 survives biotech_hazard!
    ✅ Civ17 survives ai_transition!
    ✅ Civ5 survives biotech_hazard!
    ✅ Civ0 survives resource_depletion!
    ✅ Civ5 survives ai_transition!
    ✅ Civ3 survives biotech_hazard!
    ⚠️  Civ6 enters nanotech_grey_goo crisis (severity=1.00)
  T=900.0 Myr: 20/20 alive, 20 in crisis, dt=1.00 Myr, SN:0, GRB:0
    ✅ Civ4 survives biotech_hazard!
    ⚠️  Civ9 enters nanotech_grey_goo crisis (severity=1.00)
    ⚠️  Civ8 enters nanotech_grey_goo crisis (severity=1.00)
    ✅ Civ3 survives ai_transition!
    ⚠️  Civ3 enters nanotech_grey_goo crisis (severity=1.00)
    ✅ Civ10 survives biotech_hazard!
    ⚠️  Civ19 enters nanotech_grey_goo crisis (severity=1.00)
    ✅ Civ13 survives biotech_hazard!
    ⚠️  Civ13 enters nanotech_grey_goo crisis (severity=1.00)
    ✅ Civ18 survives biotech_hazard!
    ✅ Civ1 survives biotech_hazard!
    ✅ Civ2 survives ai_transition!
    ✅ Civ9 survives biotech_hazard!
    ✅ Civ6 survives biotech_hazard!
    ✅ Civ7 survives biotech_hazard!
    ✅ Civ16 survives biotech_hazard!
    ✅ Civ15 survives biotech_hazard!
  T=1000.0 Myr: 20/20 alive, 20 in crisis, dt=1.00 Myr, SN:0, GRB:0

======================================================================
SIMULATION COMPLETE
======================================================================

Final Status:
  Alive: 20/20 (100.0%)
  Dead: 0/20 (0.0%)

Astrophysical Events:
  Supernovae: 0
  Gamma-ray bursts: 0

Survivors:
  Avg Kardashev: 1.69
  Avg Maturity: 9.95

📁 Visualization data exported to: realistic_3d_export.json

============================================================
SIMULATION SUMMARY REPORT
============================================================

📊 CRISIS STATISTICS
------------------------------------------------------------
Total crises:        73
Survived:            73
Failed:              0
Survival rate:       100.0%

Crises by type:
  ai_transition                   18
  biotech_hazard                  14
  climate_collapse                20
  nuclear_age                     20
  resource_depletion               1

🚀 DEVELOPMENT STATISTICS
------------------------------------------------------------
Avg development velocity: 0.0010 K/Myr

Development paths:
  slow                            20

🤝 COOPERATION STATISTICS
------------------------------------------------------------
Total cooperations:     4900
Avg effectiveness:      0.39

Cooperations by type:
  crisis_intervention            4900

📈 VISUALIZATION DATA
------------------------------------------------------------
Chord nodes:         6
Timeseries civs:     20
Network nodes:       3
Network edges:       4900

============================================================


======================================================================
Next step: Run 3D visualization script to see the results!
======================================================================

