
======================================================================
REALISTIC 3D GALACTIC CIVILIZATION SIMULATION
======================================================================

Features:
  • 3D galactic positions for all civilizations
  • Active supernova and GRB hazards
  • Adaptive time stepping
  • MUCH tougher survival parameters
  • Full integration of all 9 survival mechanics

⚠️  This is NOT easy mode - expect casualties!

Initializing 3D galaxy...
  Computing equilibrium velocities from potential...
Generating stellar ages and masses...
Placing 20 civilizations in galaxy...
  ✅ 20 civilizations initialized
  📍 Galaxy contains 100000 stars
  🌟 19666 habitable stars found

⚠️  WARNING: This simulation is HARD - expect casualties!


======================================================================
RUNNING REALISTIC 3D SIMULATION FOR 1000.0 MYR
Adaptive timesteps, active astrophysical hazards, tough crises
======================================================================

Traceback (most recent call last):
  File "/Users/jburgess/coding/projects/galaticbot/examples/realistic_3d_simulation.py", line 852, in <module>
    main()
    ~~~~^^
  File "/Users/jburgess/coding/projects/galaticbot/examples/realistic_3d_simulation.py", line 843, in main
    sim.run(duration_myr=1000.0, print_interval_myr=100.0)
    ~~~~~~~^^^^^^^^^^^^^^^^^^^^^^^^^^^^^^^^^^^^^^^^^^^^^^^
  File "/Users/jburgess/coding/projects/galaticbot/examples/realistic_3d_simulation.py", line 304, in run
    self.process_civilization(civ)
    ~~~~~~~~~~~~~~~~~~~~~~~~~^^^^^
  File "/Users/jburgess/coding/projects/galaticbot/examples/realistic_3d_simulation.py", line 381, in process_civilization
    civ.development_history = self.development_tracker.update_history(
                              ~~~~~~~~~~~~~~~~~~~~~~~~~~~~~~~~~~~~~~~^
        civ.development_history,
        ^^^^^^^^^^^^^^^^^^^^^^^^
    ...<2 lines>...
        current_maturity=civ.maturity.maturity_level
        ^^^^^^^^^^^^^^^^^^^^^^^^^^^^^^^^^^^^^^^^^^^^
    )
    ^
  File "/Users/jburgess/coding/projects/galaticbot/great_silence/civilization/development_path.py", line 229, in update_history
    last_snapshot_time = history.snapshots[-1].time_myr
                         ~~~~~~~~~~~~~~~~~^^^^
IndexError: list index out of range
